[H[2J[3J[38;5;140m==============================================================================================
|| [38;5;2m _______  _______  _        _______  [0;36m    _______ _________ _______  _______  _[38;5;140m           ||
|| [38;5;2m(       )(  ___  )| \    /\(  ____ \ [0;36m   (  ___  )\__   __/(  ____ )(  ___  )( (    /|[38;5;140m    ||
|| [38;5;2m| () () || (   ) ||  \  / /| (    \/ [0;36m   | (   ) |   ) (   | (    )|| (   ) ||  \  ( |[38;5;140m    ||
|| [38;5;2m| || || || (___) ||  (_/ / | (__  ___[0;36m__ | (___) |   | |   | (____)|| |   | ||   \ | |[38;5;140m    ||
|| [38;5;2m| |(_)| ||  ___  ||   _ (  |  __)(___[0;36m__)|  ___  |   | |   |     __)| |   | || (\ \) |[38;5;140m    ||
|| [38;5;2m| |   | || (   ) ||  ( \ \ | (       [0;36m   | (   ) |   | |   | (\ (   | |   | || | \   |[38;5;140m    ||
|| [38;5;2m| )   ( || )   ( ||  /  \ \| (____/\ [0;36m   | )   ( |   | |   | ) \ \__| (___) || )  \  |[38;5;140m    ||
|| [38;5;2m|/     \||/     \||_/    \/(_______/ [0;36m   |/     \|   )_(   |/   \__/(_______)|/    )_).V4[38;5;140m ||
||                                                                                          ||
[m[38;5;140m|| [38;5;2m				Name:	[0;36mFractol                                             [38;5;140m||
[m[38;5;140m|| [38;5;2m				Author:	[0;36mthzeribi                                            [38;5;140m||
[m[38;5;140m|| [38;5;2m				Date: 	[0;36m2026-02-19                                          [38;5;140m||
[m[38;5;140m|| [38;5;2m				CC: 	[0;36mcc                                                  [38;5;140m||
[m[38;5;140m|| [38;5;2m				Flags: 	[0;36m-Wall -Wextra -Werror -MMD -O3 -pthread -DBONUS     [38;5;140m||
[m[38;5;140m||                                                                                          ||
==============================================================================================

[38;5;140mLibFt [38;5;15mNorm check[38;5;15m.


[38;5;140mFractol [38;5;15mNorm check[38;5;15m.

./srcs/init_set.c: Error!
Error: PREPROC_GLOBAL       (line:  35, col:   1):	Preprocessors can only be used in the global scope
Error: NL_AFTER_PREPROC     (line:  36, col:   1):	Preprocessor statement must be followed by a newline
Error: PREPROC_GLOBAL       (line:  37, col:   1):	Preprocessors can only be used in the global scope
Error: NL_AFTER_PREPROC     (line:  38, col:   1):	Preprocessor statement must be followed by a newline
Error: PREPROC_GLOBAL       (line:  39, col:   1):	Preprocessors can only be used in the global scope
Error: NL_AFTER_PREPROC     (line:  40, col:   1):	Preprocessor statement must be followed by a newline
Error: PREPROC_GLOBAL       (line:  46, col:   1):	Preprocessors can only be used in the global scope
Error: NL_AFTER_PREPROC     (line:  47, col:   1):	Preprocessor statement must be followed by a newline
Error: PREPROC_GLOBAL       (line:  48, col:   1):	Preprocessors can only be used in the global scope
Error: NL_AFTER_PREPROC     (line:  49, col:   1):	Preprocessor statement must be followed by a newline
Error: PREPROC_GLOBAL       (line:  50, col:   1):	Preprocessors can only be used in the global scope
Error: NL_AFTER_PREPROC     (line:  51, col:   1):	Preprocessor statement must be followed by a newline
Error: PREPROC_GLOBAL       (line:  65, col:   1):	Preprocessors can only be used in the global scope
Error: NL_AFTER_PREPROC     (line:  66, col:   1):	Preprocessor statement must be followed by a newline
Error: PREPROC_GLOBAL       (line:  67, col:   1):	Preprocessors can only be used in the global scope
Error: NL_AFTER_PREPROC     (line:  68, col:   1):	Preprocessor statement must be followed by a newline
Error: PREPROC_GLOBAL       (line:  69, col:   1):	Preprocessors can only be used in the global scope
Error: NL_AFTER_PREPROC     (line:  70, col:   1):	Preprocessor statement must be followed by a newline
Error: PREPROC_GLOBAL       (line:  76, col:   1):	Preprocessors can only be used in the global scope
Error: NL_AFTER_PREPROC     (line:  77, col:   1):	Preprocessor statement must be followed by a newline
Error: PREPROC_GLOBAL       (line:  78, col:   1):	Preprocessors can only be used in the global scope
Error: NL_AFTER_PREPROC     (line:  79, col:   1):	Preprocessor statement must be followed by a newline
Error: PREPROC_GLOBAL       (line:  80, col:   1):	Preprocessors can only be used in the global scope
Error: NL_AFTER_PREPROC     (line:  81, col:   1):	Preprocessor statement must be followed by a newline
Error: PREPROC_GLOBAL       (line:  96, col:   1):	Preprocessors can only be used in the global scope
Error: NL_AFTER_PREPROC     (line:  97, col:   1):	Preprocessor statement must be followed by a newline
Error: PREPROC_GLOBAL       (line:  98, col:   1):	Preprocessors can only be used in the global scope
Error: NL_AFTER_PREPROC     (line:  99, col:   1):	Preprocessor statement must be followed by a newline
Error: PREPROC_GLOBAL       (line: 100, col:   1):	Preprocessors can only be used in the global scope
Error: NL_AFTER_PREPROC     (line: 101, col:   1):	Preprocessor statement must be followed by a newline
